// Vitest Snapshot v1, https://vitest.dev/guide/snapshot.html

exports[`Tag component > renders correctly - snapshot test 1`] = `
<DocumentFragment>
  <div
    class="text-primary hover:border-border hover:text-text rounded-md bg-transparent text-base last:mr-0"
  >
    <span>
      #example
    </span>
  </div>
</DocumentFragment>
`;
