// Vitest Snapshot v1, https://vitest.dev/guide/snapshot.html

exports[`DomainInput component > matches snapshot 1`] = `
<DocumentFragment>
  <div
    class="group text-text"
  >
    <div
      class="flex w-full"
    >
      <span
        class="border-border selection:text-text min-w-max rounded-tl-md rounded-bl-md border-2 px-4 py-2 leading-5 tracking-tighter group-hover:border-border"
        data-testid="domain"
      >
        example.com
      </span>
      <input
        class="border-border focus:border-border focus:ring-3-transparent w-full cursor-pointer rounded-tr-md rounded-br-md border-t-2 border-r-2 border-b-2 bg-transparent p-2 transition-colors focus:outline-hidden group-hover:border-border"
        data-testid="input"
        name="domainInput"
        value="test"
      />
    </div>
  </div>
</DocumentFragment>
`;
