// Vitest Snapshot v1, https://vitest.dev/guide/snapshot.html

exports[`DomainInput component > matches snapshot 1`] = `
<DocumentFragment>
  <div
    class="group text-text"
  >
    <div
      class="flex w-full"
    >
      <span
        class="min-w-max border-2 border-border px-4 py-2 leading-5 tracking-tighter selection:text-text rounded-tl-md rounded-bl-md group-hover:border-border"
        data-testid="domain"
      >
        example.com
      </span>
      <input
        class="w-full cursor-pointer border-t-2 border-b-2 border-r-2 border-border bg-transparent p-2 transition-colors focus:border-border focus:outline-hidden focus:ring-3-transparent rounded-tr-md rounded-br-md group-hover:border-border"
        data-testid="input"
        name="domainInput"
        value="test"
      />
    </div>
  </div>
</DocumentFragment>
`;
