// Vitest Snapshot v1, https://vitest.dev/guide/snapshot.html

exports[`DomainInput component > matches snapshot 1`] = `
<DocumentFragment>
  <div
    class="group yl:text-text"
  >
    <div
      class="yl:flex yl:w-full"
    >
      <span
        class="yl:border-border selection:text-text yl:min-w-max yl:rounded-tl-md yl:rounded-bl-md yl:border yl:px-4 yl:py-2 yl:leading-5 yl:tracking-tighter yl:group-hover:border-border"
        data-testid="domain"
      >
        example.com
      </span>
      <input
        class="yl:border-border yl:focus:border-border yl:focus:ring-3-transparent yl:w-full yl:cursor-pointer yl:rounded-tr-md yl:rounded-br-md yl:border-t-2 yl:border-r yl:border-b yl:bg-transparent yl:p-2 yl:transition-colors yl:focus:outline-hidden yl:group-hover:border-border"
        data-testid="input"
        name="domainInput"
        value="test"
      />
    </div>
  </div>
</DocumentFragment>
`;
