// Vitest Snapshot v1, https://vitest.dev/guide/snapshot.html

exports[`Button component > renders correctly - snapshot test 1`] = `
<DocumentFragment>
  <button
    class="select-none px-3 py-2 font-semibold tracking-tight rounded-md border-2 transition-all duration-200 transform hover:scale-105 cursor-pointer border-primary bg-primary text-background hover:bg-transparent hover:text-primary"
    type="button"
  >
    <div
      class="relative flex items-center justify-center"
    >
      <span
        class=""
      >
        Snapshot Button
      </span>
      <span
        class="absolute"
      />
    </div>
  </button>
</DocumentFragment>
`;
