// Vitest Snapshot v1, https://vitest.dev/guide/snapshot.html

exports[`Button component > renders correctly - snapshot test 1`] = `
<DocumentFragment>
  <button
    class="select-none border-2 border-primary px-3 py-2 font-semibold tracking-tight rounded-md bg-primary hover:bg-transparent hover:text-primary hover:fill-primary text-primary-background-color"
    type="button"
  >
    <div
      class="relative flex items-center justify-center"
    >
      <span
        class=""
      >
        Snapshot Button
      </span>
      <span
        class="absolute"
      />
    </div>
  </button>
</DocumentFragment>
`;
