// Vitest Snapshot v1, https://vitest.dev/guide/snapshot.html

exports[`Button component > renders correctly - snapshot test 1`] = `
<DocumentFragment>
  <button
    class="yl:select-none yl:px-3 yl:py-2 yl:font-semibold yl:tracking-tight yl:rounded-md yl:border-2 yl:transition-all yl:duration-200 yl:transform yl:hover:scale-105 yl:cursor-pointer yl:border-primary yl:bg-primary yl:text-background yl:hover:bg-transparent yl:hover:text-primary"
    type="button"
  >
    <div
      class="yl:relative yl:flex yl:items-center yl:justify-center"
    >
      <span
        class=""
      >
        Snapshot Button
      </span>
      <span
        class="yl:absolute"
      />
    </div>
  </button>
</DocumentFragment>
`;
