// Vitest Snapshot v1, https://vitest.dev/guide/snapshot.html

exports[`ElevatedCard component > renders correctly - snapshot test 1`] = `
<DocumentFragment>
  <div
    class="border-border bg-text/1 flex flex-col rounded-lg border p-6"
    data-testid="elevated-card"
  >
    <div
      class="space-y-2"
    >
      <h5
        class="text-md sm:text-lg md:text-xl text-text break-words font-bold"
      >
        Curated Resources
      </h5>
      <p
        class="text-text break-words overflow-hidden"
      >
        Explore our collection of tools, libraries, and tutorials to enhance your development workflow.
      </p>
    </div>
  </div>
</DocumentFragment>
`;
