// Vitest Snapshot v1, https://vitest.dev/guide/snapshot.html

exports[`AuthorCard component > renders correctly 1`] = `
<DocumentFragment>
  <div
    class="border border-primary-text-color p-6"
  >
    <div
      class="flex flex-col items-center gap-4 md:flex-row"
    >
      <div
        class="hidden md:block"
      >
        <div
          class="sm:m-0 rounded-full overflow-hidden"
          style="width: 75px; height: 75px;"
        >
          <img
            alt="John Doe"
            loading="lazy"
            src="https://avatars.githubusercontent.com/u/2085263?v=4"
            style="width: 75px; height: 75px;"
          />
        </div>
      </div>
      <div>
        <h3
          class="text-2xl font-bold text-primary mb-4 !mb-0"
        >
          John Doe
        </h3>
        <p
          class="mb-2 text-primary-text-color !text-base"
        >
          An expert in the field.
        </p>
      </div>
    </div>
  </div>
</DocumentFragment>
`;
