// Vitest Snapshot v1, https://vitest.dev/guide/snapshot.html

exports[`AuthorCard component > renders correctly 1`] = `
<DocumentFragment>
  <div
    class="yl:border-border yl:rounded-lg yl:border-2 yl:p-6"
  >
    <div
      class="yl:flex yl:flex-col yl:items-center yl:gap-4 yl:md:flex-row"
    >
      <div
        class="yl:hidden yl:md:block"
      >
        <div
          class="yl:sm:mt-0 yl:rounded-full yl:overflow-hidden yl:flex yl:items-center yl:justify-center yl:flex-shrink-0"
          style="width: 75px; height: 75px;"
        >
          <img
            alt="John Doe"
            class="yl:bg-background yl:h-full yl:w-full yl:object-cover yl:object-center"
            loading="lazy"
            src="https://avatars.githubusercontent.com/u/2085263?v=4"
          />
        </div>
      </div>
      <div>
        <h3
          class="yl:text-xl yl:sm:text-2xl yl:md:text-3xl yl:text-text yl:break-words yl:font-bold"
        >
          John Doe
        </h3>
        <p
          class="yl:text-text yl:break-words yl:overflow-hidden"
        >
          An expert in the field.
        </p>
      </div>
    </div>
  </div>
</DocumentFragment>
`;
