// Vitest Snapshot v1, https://vitest.dev/guide/snapshot.html

exports[`ThemeBuilder component > renders correctly with given props 1`] = `
<DocumentFragment>
  <div>
    <div
      class="yl:mb-1 yl:flex yl:items-center yl:justify-center yl:md:justify-start"
    >
      <div
        class="yl:flex yl:gap-1 yl:flex-col yl:md:flex-row"
      >
        <button
          class="yl:select-none yl:px-3 yl:py-2 yl:font-semibold yl:tracking-tight yl:rounded-md yl:cursor-pointer yl:border-2 yl:border-primary yl:bg-transparent yl:text-primary yl:fill-primary yl:hover:bg-primary yl:hover:fill-background yl:hover:text-background primary-button yl:h-12 yl:min-w-[120px] yl:shadow-none"
          type="button"
        >
          <div
            class="yl:relative yl:flex yl:items-center yl:justify-center"
          >
            <span
              class=""
            >
              Primary Color
            </span>
            <span
              class="yl:absolute"
            />
          </div>
        </button>
        <button
          class="yl:select-none yl:px-3 yl:py-2 yl:font-semibold yl:tracking-tight yl:rounded-md yl:cursor-pointer yl:border-2 yl:border-primary yl:bg-transparent yl:text-primary yl:fill-primary yl:hover:bg-primary yl:hover:fill-background yl:hover:text-background yl:h-12 yl:min-w-[120px] yl:shadow-none"
          type="button"
        >
          <div
            class="yl:relative yl:flex yl:items-center yl:justify-center"
          >
            <span
              class=""
            >
              Background
            </span>
            <span
              class="yl:absolute"
            />
          </div>
        </button>
        <button
          class="yl:select-none yl:px-3 yl:py-2 yl:font-semibold yl:tracking-tight yl:rounded-md yl:cursor-pointer yl:border-2 yl:border-primary yl:bg-transparent yl:text-primary yl:fill-primary yl:hover:bg-primary yl:hover:fill-background yl:hover:text-background yl:h-12 yl:min-w-[120px] yl:shadow-none"
          type="button"
        >
          <div
            class="yl:relative yl:flex yl:items-center yl:justify-center"
          >
            <span
              class=""
            >
              Text Color
            </span>
            <span
              class="yl:absolute"
            />
          </div>
        </button>
      </div>
    </div>
  </div>
</DocumentFragment>
`;
