// Vitest Snapshot v1, https://vitest.dev/guide/snapshot.html

exports[`ThemeBuilder component > renders correctly with given props 1`] = `
<DocumentFragment>
  <div>
    <div
      class="mb-1 flex h-12 items-center"
    >
      <div
        class="relative flex h-full items-center justify-center bg-primary px-3 py-2"
      >
        <div>
          Loading...
        </div>
      </div>
      <button
        class="select-none border-2 border-primary px-3 py-2 font-semibold uppercase tracking-tight rounded-md bg-transparent text-primary fill-primary hover:bg-primary hover:fill-primary-background-color hover:text-primary-background-color primary-button h-12 min-w-[120px] border-l-0 shadow-none border-r-0"
        type="button"
      >
        <div
          class="relative flex items-center justify-center"
        >
          <span
            class=""
          >
            Primary Color
          </span>
          <span
            class="absolute"
          />
        </div>
      </button>
      <button
        class="select-none border-2 border-primary px-3 py-2 font-semibold uppercase tracking-tight rounded-md bg-transparent text-primary fill-primary hover:bg-primary hover:fill-primary-background-color hover:text-primary-background-color h-12 min-w-[120px] border-l-0 shadow-none border-r-0"
        type="button"
      >
        <div
          class="relative flex items-center justify-center"
        >
          <span
            class=""
          >
            Background
          </span>
          <span
            class="absolute"
          />
        </div>
      </button>
      <button
        class="select-none border-2 border-primary px-3 py-2 font-semibold uppercase tracking-tight rounded-md bg-transparent text-primary fill-primary hover:bg-primary hover:fill-primary-background-color hover:text-primary-background-color h-12 min-w-[120px] border-l-0 shadow-none"
        type="button"
      >
        <div
          class="relative flex items-center justify-center"
        >
          <span
            class=""
          >
            Text Color
          </span>
          <span
            class="absolute"
          />
        </div>
      </button>
    </div>
  </div>
</DocumentFragment>
`;
