// Vitest Snapshot v1, https://vitest.dev/guide/snapshot.html

exports[`ThemeBuilder component > renders correctly with given props 1`] = `
<DocumentFragment>
  <div>
    <div
      class="mb-1 flex items-center justify-center md:justify-start"
    >
      <div
        class="flex gap-1 flex-col md:flex-row"
      >
        <button
          class="select-none px-3 py-2 font-semibold tracking-tight rounded-md border-2 transition-all duration-200 transform hover:scale-105 cursor-pointer border-primary bg-transparent text-primary fill-primary hover:bg-primary hover:text-background hover:fill-background primary-button h-12 min-w-[120px] shadow-none"
          type="button"
        >
          <div
            class="relative flex items-center justify-center"
          >
            <span
              class=""
            >
              Primary Color
            </span>
            <span
              class="absolute"
            />
          </div>
        </button>
        <button
          class="select-none px-3 py-2 font-semibold tracking-tight rounded-md border-2 transition-all duration-200 transform hover:scale-105 cursor-pointer border-primary bg-transparent text-primary fill-primary hover:bg-primary hover:text-background hover:fill-background h-12 min-w-[120px] shadow-none"
          type="button"
        >
          <div
            class="relative flex items-center justify-center"
          >
            <span
              class=""
            >
              Background
            </span>
            <span
              class="absolute"
            />
          </div>
        </button>
        <button
          class="select-none px-3 py-2 font-semibold tracking-tight rounded-md border-2 transition-all duration-200 transform hover:scale-105 cursor-pointer border-primary bg-transparent text-primary fill-primary hover:bg-primary hover:text-background hover:fill-background h-12 min-w-[120px] shadow-none"
          type="button"
        >
          <div
            class="relative flex items-center justify-center"
          >
            <span
              class=""
            >
              Text Color
            </span>
            <span
              class="absolute"
            />
          </div>
        </button>
      </div>
    </div>
  </div>
</DocumentFragment>
`;
