// Vitest Snapshot v1, https://vitest.dev/guide/snapshot.html

exports[`CTA component > renders correctly - snapshot test 1`] = `
<DocumentFragment>
  <div
    class="yl:flex yl:items-center yl:justify-center"
  >
    <div
      class="yl:flex yl:flex-col yl:items-center yl:text-center"
    >
      <div
        class="yl:flex yl:flex-col yl:items-center yl:justify-center yl:gap-4"
      >
        <div
          class="yl:flex yl:flex-col yl:gap-2"
        >
          <h3
            class="yl:text-xl yl:sm:text-2xl yl:md:text-3xl yl:text-text yl:break-words yl:overflow-hidden yl:font-bold"
          >
            Test Title
          </h3>
          <p
            class="yl:text-secondary yl:break-words yl:overflow-hidden yl:mx-auto yl:max-w-md yl:text-secondary yl:text-center"
          >
            Test Subtitle
          </p>
        </div>
      </div>
    </div>
  </div>
</DocumentFragment>
`;
