// Vitest Snapshot v1, https://vitest.dev/guide/snapshot.html

exports[`CTA component > renders correctly - snapshot test 1`] = `
<DocumentFragment>
  <div
    class="yl-flex yl-items-center yl-justify-center"
  >
    <div
      class="yl-flex yl-flex-col yl-items-center yl-text-center"
    >
      <div
        class="yl-flex yl-flex-col yl-items-center yl-justify-center yl-gap-4"
      >
        <div
          class="yl-flex yl-flex-col yl-gap-2"
        >
          <h2
            class="text-2xl sm:yl-text-3xl md:yl-text-4xl lg:yl-text-5xl yl-my-4 yl-text-primary yl-break-words yl-overflow-hidden yl-font-bold yl-text-primary-text-color"
          >
            Test Title
          </h2>
          <p
            class="my-4 yl-text-primary-text-color yl-break-words yl-overflow-hidden yl-mx-auto yl-max-w-md yl-text-primary-text-color yl-text-center !yl-my-0"
          >
            Test Subtitle
          </p>
        </div>
      </div>
    </div>
  </div>
</DocumentFragment>
`;
