// Vitest Snapshot v1, https://vitest.dev/guide/snapshot.html

exports[`Accordion component > renders correctly 1`] = `
<DocumentFragment>
  <section
    class="bg-background"
  >
    <div
      class="border-border border-2 border-b-0 rounded-tl-md rounded-tr-md"
      role="presentation"
    >
      <h3
        aria-expanded="true"
        class="hover:text-primary relative flex cursor-default items-center p-4 font-semibold capitalize transition-colors duration-400 ease-in-out select-none hover:cursor-pointer bg-text/2 cursor-pointer text-text"
        role="button"
        tabindex="0"
      >
        <div
          class="flex flex-col gap-1 overflow-hidden text-base text-ellipsis whitespace-nowrap"
        >
          <div
            class="fill-primary hover:fill-primary absolute right-2 w-6 cursor-pointer"
            data-icon="IconExpandLess"
            data-testid="icon-expand-less"
          >
            [Icon: IconExpandLess]
          </div>
          Section 1
          <p
            class="text-text break-words overflow-hidden text-text/70 text-xs"
          >
            Description 1
          </p>
        </div>
      </h3>
      <ul
        class="text-text relative flex flex-col gap-4 py-4"
      >
        <li
          class="relative flex items-center cursor-default break-words leading-normal px-4 hover:cursor-pointer hover:text-primary"
        >
          Item A
        </li>
        <li
          class="relative flex items-center cursor-default break-words leading-normal px-4 hover:cursor-pointer hover:text-primary"
        >
          Item B
        </li>
      </ul>
    </div>
    <div
      class="border-border border-2 rounded-br-md rounded-bl-md"
      role="presentation"
    >
      <h3
        aria-expanded="false"
        class="hover:text-primary relative flex cursor-default items-center p-4 font-semibold capitalize transition-colors duration-400 ease-in-out select-none hover:cursor-pointer cursor-pointer text-text"
        role="button"
        tabindex="0"
      >
        <div
          class="flex flex-col gap-1 overflow-hidden text-base text-ellipsis whitespace-nowrap"
        >
          <div
            class="fill-primary hover:fill-primary absolute right-2 w-6 cursor-pointer"
            data-icon="IconExpandMore"
            data-testid="icon-expand-more"
          >
            [Icon: IconExpandMore]
          </div>
          Section 2
          <p
            class="text-text break-words overflow-hidden text-text/70 text-xs"
          >
            Description 2
          </p>
        </div>
      </h3>
    </div>
  </section>
</DocumentFragment>
`;
