// Vitest Snapshot v1, https://vitest.dev/guide/snapshot.html

exports[`Error component > renders correctly - snapshot test 1`] = `
<DocumentFragment>
  <div
    class="yl-flex yl-min-h-full yl-flex-col"
    data-testid="error-wrapper"
  >
    <div
      class="yl-mx-auto yl-flex yl-w-full yl-flex-grow yl-flex-col yl-px-4 lg:yl-px-8"
    >
      <div
        class="yl-flex yl-flex-shrink-0 yl-justify-center"
      >
        <a
          class="yl-inline-flex"
        />
      </div>
      <div>
        <div
          class="yl-text-center"
        >
          <p
            class="yl-font-semibold yl-tracking-wide yl-text-primary md:yl-text-6xl"
            data-testid="error-text"
          >
            404 error
          </p>
          <h1
            class="yl-text-4xl yl-font-extrabold yl-tracking-tight yl-text-text sm:yl-text-3xl"
          >
            Page not found.
          </h1>
        </div>
      </div>
    </div>
  </div>
</DocumentFragment>
`;
