// Vitest Snapshot v1, https://vitest.dev/guide/snapshot.html

exports[`Alert component > renders correctly with children 1`] = `
<DocumentFragment>
  <div
    class="flex min-h-screen max-w-screen-sm items-center justify-center"
  >
    <div
      class="bg-gradient-to-r p-[1px] from-green-400 via-green-500 to-green-900 text-green-500"
    >
      <div
        class="back flex h-full w-full items-center justify-center bg-primary-background-color p-4"
      >
        <span>
          Success Message
        </span>
      </div>
    </div>
  </div>
</DocumentFragment>
`;
