// Vitest Snapshot v1, https://vitest.dev/guide/snapshot.html

exports[`ImageSelector component > renders correctly - snapshot test 1`] = `
<DocumentFragment>
  <div
    class="yl-grid yl-grid-cols-4 yl-gap-4"
  >
    <div
      class="yl-relative yl-aspect-square yl-h-full yl-w-full yl-min-w-[150px] yl-cursor-pointer yl-bg-cover yl-bg-center yl-bg-no-repeat opacity-70 !opacity-100"
      data-testid="image-1"
      style="background-image: url(http://example.com/image1.jpg);"
    />
    <div
      class="yl-relative yl-aspect-square yl-h-full yl-w-full yl-min-w-[150px] yl-cursor-pointer yl-bg-cover yl-bg-center yl-bg-no-repeat opacity-70"
      data-testid="image-2"
      style="background-image: url(http://example.com/image2.jpg);"
    />
  </div>
</DocumentFragment>
`;
