// Vitest Snapshot v1, https://vitest.dev/guide/snapshot.html

exports[`Badge component > renders correctly - snapshot test 1`] = `
<DocumentFragment>
  <span
    class="yl:rounded yl:px-2 yl:py-1 yl:text-sm yl:font-medium yl:bg-primary yl:text-background yl:border yl:border-background/80 yl:cursor-default"
  >
    Test Badge
  </span>
</DocumentFragment>
`;
