// Vitest Snapshot v1, https://vitest.dev/guide/snapshot.html

exports[`Divider component > renders correctly - snapshot test 1`] = `
<DocumentFragment>
  <div
    class="mx-auto flex justify-center gap-1"
    data-testid="divider"
  >
    <div
      class="block h-[2px] w-28 bg-text"
      data-testid="divider-child-0"
    />
    <div
      class="block h-[2px] w-28 bg-text"
      data-testid="divider-child-1"
    />
    <div
      class="block h-[2px] w-28 bg-text"
      data-testid="divider-child-2"
    />
  </div>
</DocumentFragment>
`;
