// Vitest Snapshot v1, https://vitest.dev/guide/snapshot.html

exports[`Bookmark component > renders correctly - snapshot test 1`] = `
<DocumentFragment>
  <div
    class="flex items-start gap-2"
  >
    <div
      class="flex gap-2"
    >
      <div
        class="relative top-[-1px] w-5 cursor-pointer fill-primary hover:fill-primary"
        data-icon="IconBookmarked"
        data-testid="icon-bookmarked"
      >
        [Icon: IconBookmarked]
      </div>
    </div>
  </div>
</DocumentFragment>
`;
