// Vitest Snapshot v1, https://vitest.dev/guide/snapshot.html

exports[`FormActions component > renders correctly - snapshot test 1`] = `
<DocumentFragment>
  <div
    class="yl:w-full"
  >
    <div
      class="yl:flex yl:flex-row yl:justify-start yl:items-center yl:gap-3"
    >
      <button
        class="yl:select-none yl:font-semibold yl:tracking-tight yl:rounded-md yl:border yl:transition-all yl:duration-200 yl:transform yl:hover:scale-105 yl:px-3 yl:py-2 yl:text-sm yl:cursor-pointer yl:border-text/20 yl:text-text/20 yl:fill-text/20 yl:hover:border-text/30 yl:hover:text-text/30 yl:hover:fill-text/30 yl:hover:bg-background/20 yl:min-w-[100px]"
        type="button"
      >
        <div
          class="yl:relative yl:flex yl:items-center yl:justify-center"
        >
          <span
            class="yl:flex yl:items-center yl:gap-1"
          >
            <div
              class="yl:w-6 yl:h-6"
              data-icon="Incomplete"
              data-testid="icon-Incomplete"
            >
              [Icon: Incomplete]
            </div>
            <span
              class=""
            >
              Cancel
            </span>
          </span>
          <span
            class="yl:absolute"
          />
        </div>
      </button>
      <button
        class="yl:select-none yl:font-semibold yl:tracking-tight yl:rounded-md yl:border yl:transition-all yl:duration-200 yl:transform yl:hover:scale-105 yl:px-3 yl:py-2 yl:text-sm yl:cursor-pointer yl:border-text/20 yl:text-text/20 yl:fill-text/20 yl:hover:border-text/30 yl:hover:text-text/30 yl:hover:fill-text/30 yl:hover:bg-background/20 yl:min-w-[100px] yl:transition-all yl:duration-200 yl:hover:scale-105"
        type="button"
      >
        <div
          class="yl:relative yl:flex yl:items-center yl:justify-center"
        >
          <span
            class="yl:flex yl:items-center yl:gap-1"
          >
            <div
              class="yl:w-6 yl:h-6"
              data-icon="IconBomb"
              data-testid="icon-IconBomb"
            >
              [Icon: IconBomb]
            </div>
            <span
              class=""
            >
              Delete
            </span>
          </span>
          <span
            class="yl:absolute"
          />
        </div>
      </button>
      <button
        class="yl:select-none yl:font-semibold yl:tracking-tight yl:rounded-md yl:border yl:transition-all yl:duration-200 yl:transform yl:hover:scale-105 yl:px-3 yl:py-2 yl:text-sm yl:cursor-pointer yl:border-primary yl:bg-primary yl:text-background yl:hover:bg-transparent yl:hover:text-primary yl:min-w-[100px]"
        type="submit"
      >
        <div
          class="yl:relative yl:flex yl:items-center yl:justify-center"
        >
          <span
            class="yl:flex yl:items-center yl:gap-1"
          >
            <div
              class="yl:w-5 yl:h-5"
              data-icon="Complete"
              data-testid="icon-Complete"
            >
              [Icon: Complete]
            </div>
            <span
              class=""
            >
              Save
            </span>
          </span>
          <span
            class="yl:absolute"
          />
        </div>
      </button>
    </div>
  </div>
</DocumentFragment>
`;
