// Vitest Snapshot v1, https://vitest.dev/guide/snapshot.html

exports[`FormActions component > renders correctly - snapshot test 1`] = `
<DocumentFragment>
  <div
    class="w-full"
  >
    <div
      class="flex flex-row justify-start items-center gap-3"
    >
      <button
        class="select-none px-3 py-2 font-semibold tracking-tight rounded-md border-2 transition-all duration-200 transform hover:scale-105 cursor-pointer border-text/20 text-text/20 fill-text/20 hover:border-text/30 hover:text-text/30 hover:fill-text/30 hover:bg-background/20 min-w-[100px]"
        type="button"
      >
        <div
          class="relative flex items-center justify-center"
        >
          <span
            class="flex items-center gap-1"
          >
            <div
              class="w-6 h-6"
              data-icon="Incomplete"
              data-testid="icon-Incomplete"
            >
              [Icon: Incomplete]
            </div>
            Cancel
          </span>
          <span
            class="absolute"
          />
        </div>
      </button>
      <button
        class="select-none px-3 py-2 font-semibold tracking-tight rounded-md border-2 transition-all duration-200 transform hover:scale-105 cursor-pointer border-text/20 text-text/20 fill-text/20 hover:border-text/30 hover:text-text/30 hover:fill-text/30 hover:bg-background/20 min-w-[100px] transition-all duration-200 hover:scale-105"
        type="button"
      >
        <div
          class="relative flex items-center justify-center"
        >
          <span
            class="flex items-center gap-1"
          >
            <div
              class="w-6 h-6"
              data-icon="IconBomb"
              data-testid="icon-IconBomb"
            >
              [Icon: IconBomb]
            </div>
            Delete
          </span>
          <span
            class="absolute"
          />
        </div>
      </button>
      <button
        class="select-none px-3 py-2 font-semibold tracking-tight rounded-md border-2 transition-all duration-200 transform hover:scale-105 cursor-pointer border-primary bg-primary text-background hover:bg-transparent hover:text-primary min-w-[100px]"
        type="submit"
      >
        <div
          class="relative flex items-center justify-center"
        >
          <span
            class="flex items-center gap-1"
          >
            <div
              class="w-5 h-5"
              data-icon="Complete"
              data-testid="icon-Complete"
            >
              [Icon: Complete]
            </div>
            Save
          </span>
          <span
            class="absolute"
          />
        </div>
      </button>
    </div>
  </div>
</DocumentFragment>
`;
